// Jest Snapshot v1, https://goo.gl/fbAQLP

exports[`Renders properly after loading data 1`] = `
Object {
  "asFragment": [Function],
  "baseElement": <body>
    <div>
      <div
        class="mountain-weather"
        id="Test Location"
      >
        <div
          class="weather-content"
        >
          <h2>
            Test Location
          </h2>
          <div
            class="current-conditions"
          >
            <h3>
              Today
            </h3>
            <p>
              Sunny
            </p>
            <img
              alt="Sunny icon"
              src="fakeurl"
            />
            <p>
              72.3
               째F
            </p>
            <p>
              Snow: 
              0
              %
            </p>
            <p>
              Precip: 
              0
               in.
            </p>
          </div>
          <div
            class="forecast"
          >
            <h3>
              Tomorrow
            </h3>
            <p>
              Snowy
            </p>
            <img
              alt="Snowy icon"
              src="fakeurl"
            />
            <p>
              28
               째F
            </p>
            <p>
              Snow: 
              95
              %
            </p>
            <p>
              Precip: 
              5.5
               in.
            </p>
          </div>
        </div>
      </div>
    </div>
  </body>,
  "container": <div>
    <div
      class="mountain-weather"
      id="Test Location"
    >
      <div
        class="weather-content"
      >
        <h2>
          Test Location
        </h2>
        <div
          class="current-conditions"
        >
          <h3>
            Today
          </h3>
          <p>
            Sunny
          </p>
          <img
            alt="Sunny icon"
            src="fakeurl"
          />
          <p>
            72.3
             째F
          </p>
          <p>
            Snow: 
            0
            %
          </p>
          <p>
            Precip: 
            0
             in.
          </p>
        </div>
        <div
          class="forecast"
        >
          <h3>
            Tomorrow
          </h3>
          <p>
            Snowy
          </p>
          <img
            alt="Snowy icon"
            src="fakeurl"
          />
          <p>
            28
             째F
          </p>
          <p>
            Snow: 
            95
            %
          </p>
          <p>
            Precip: 
            5.5
             in.
          </p>
        </div>
      </div>
    </div>
  </div>,
  "debug": [Function],
  "findAllByAltText": [Function],
  "findAllByDisplayValue": [Function],
  "findAllByLabelText": [Function],
  "findAllByPlaceholderText": [Function],
  "findAllByRole": [Function],
  "findAllByTestId": [Function],
  "findAllByText": [Function],
  "findAllByTitle": [Function],
  "findByAltText": [Function],
  "findByDisplayValue": [Function],
  "findByLabelText": [Function],
  "findByPlaceholderText": [Function],
  "findByRole": [Function],
  "findByTestId": [Function],
  "findByText": [Function],
  "findByTitle": [Function],
  "getAllByAltText": [Function],
  "getAllByDisplayValue": [Function],
  "getAllByLabelText": [Function],
  "getAllByPlaceholderText": [Function],
  "getAllByRole": [Function],
  "getAllByTestId": [Function],
  "getAllByText": [Function],
  "getAllByTitle": [Function],
  "getByAltText": [Function],
  "getByDisplayValue": [Function],
  "getByLabelText": [Function],
  "getByPlaceholderText": [Function],
  "getByRole": [Function],
  "getByTestId": [Function],
  "getByText": [Function],
  "getByTitle": [Function],
  "queryAllByAltText": [Function],
  "queryAllByDisplayValue": [Function],
  "queryAllByLabelText": [Function],
  "queryAllByPlaceholderText": [Function],
  "queryAllByRole": [Function],
  "queryAllByTestId": [Function],
  "queryAllByText": [Function],
  "queryAllByTitle": [Function],
  "queryByAltText": [Function],
  "queryByDisplayValue": [Function],
  "queryByLabelText": [Function],
  "queryByPlaceholderText": [Function],
  "queryByRole": [Function],
  "queryByTestId": [Function],
  "queryByText": [Function],
  "queryByTitle": [Function],
  "rerender": [Function],
  "unmount": [Function],
}
`;
